// Code generated by k8s-infra. DO NOT EDIT.
// Copyright (c) Microsoft Corporation.
// Licensed under the MIT license.
package v20200101

import (
	metav1 "k8s.io/apimachinery/pkg/apis/meta/v1"
	"fmt"
	"github.com/Azure/k8s-infra/hack/generated/pkg/genruntime"
	"sigs.k8s.io/controller-runtime/pkg/webhook/admission"
)

// +kubebuilder:object:root=true
// +kubebuilder:storageversion
//Generated from: https://test.test/schemas/2020-01-01/test.json#/resourceDefinitions/FakeResource
type FakeResource struct {
	metav1.TypeMeta   `json:",inline"`
	metav1.ObjectMeta `json:"metadata,omitempty"`
	Spec              FakeResource_Spec `json:"spec,omitempty"`
}

// +kubebuilder:webhook:path=/mutate-test-infra-azure-com-v20200101-fakeresource,mutating=true,sideEffects=None,matchPolicy=Exact,failurePolicy=fail,groups=test.infra.azure.com,resources=fakeresources,verbs=create;update,versions=v20200101,name=default.v20200101.fakeresources.test.infra.azure.com

var _ admission.Defaulter = &FakeResource{}

// Default defaults the Azure name of the resource to the Kubernetes name
func (fakeResource *FakeResource) Default() {
	if fakeResource.Spec.AzureName == "" {
		fakeResource.Spec.AzureName = fakeResource.Name
	}
}

var _ genruntime.KubernetesResource = &FakeResource{}

// AzureName returns the Azure name of the resource
func (fakeResource *FakeResource) AzureName() string {
	return fakeResource.Spec.AzureName
}

// Owner returns the ResourceReference of the owner, or nil if there is no owner
func (fakeResource *FakeResource) Owner() *genruntime.ResourceReference {
	group, kind := genruntime.LookupOwnerGroupKind(fakeResource.Spec)
	return &genruntime.ResourceReference{Name: fakeResource.Spec.Owner.Name, Group: group, Kind: kind}
}

// +kubebuilder:object:root=true
//Generated from: https://test.test/schemas/2020-01-01/test.json#/resourceDefinitions/FakeResource
type FakeResourceList struct {
	metav1.TypeMeta `json:",inline"`
	metav1.ListMeta `json:"metadata,omitempty"`
	Items           []FakeResource `json:"items"`
}

type FakeResource_SpecArm struct {
	ApiVersion FakeResourceSpecApiVersion      `json:"apiVersion"`
	Name       string                          `json:"name"`
	Properties FakeResource_Spec_PropertiesArm `json:"properties"`
	Type       FakeResourceSpecType            `json:"type"`
}

var _ genruntime.ArmResourceSpec = &FakeResource_SpecArm{}

// GetApiVersion returns the ApiVersion of the resource
func (fakeResourceSpecArm FakeResource_SpecArm) GetApiVersion() string {
	return string(fakeResourceSpecArm.ApiVersion)
}

// GetName returns the Name of the resource
func (fakeResourceSpecArm FakeResource_SpecArm) GetName() string {
	return fakeResourceSpecArm.Name
}

// GetType returns the Type of the resource
func (fakeResourceSpecArm FakeResource_SpecArm) GetType() string {
	return string(fakeResourceSpecArm.Type)
}

type FakeResource_Spec_Properties_ArrayAlias_ValidatedArm struct {
	//ConnectionString: Microsoft.Web/sites/config: connection string
	ConnectionString *FakeResource_Spec_Properties_ArrayAlias_Validated_ConnectionString `json:"connectionString,omitempty"`
}

// +kubebuilder:validation:Enum={"2020-06-01"}
type FakeResourceSpecApiVersion string

const FakeResourceSpecApiVersion20200601 = FakeResourceSpecApiVersion("2020-06-01")

// +kubebuilder:validation:Enum={"Microsoft.Azure/FakeResource"}
type FakeResourceSpecType string

const FakeResourceSpecTypeMicrosoftAzureFakeResource = FakeResourceSpecType("Microsoft.Azure/FakeResource")

type FakeResource_Spec struct {
	//AzureName: The name of the resource in Azure. This is often the same as the name
	//of the resource in Kubernetes but it doesn't have to be.
	AzureName string `json:"azureName"`

	// +kubebuilder:validation:Required
	Owner genruntime.KnownResourceReference `group:"microsoft.resources.infra.azure.com" json:"owner" kind:"ResourceGroup"`

	// +kubebuilder:validation:Required
	Properties FakeResource_Spec_Properties `json:"properties"`
}

var _ genruntime.ArmTransformer = &FakeResource_Spec{}

// ConvertToArm converts from a Kubernetes CRD object to an ARM object
func (fakeResourceSpec *FakeResource_Spec) ConvertToArm(name string) (interface{}, error) {
	if fakeResourceSpec == nil {
		return nil, nil
	}
	var result FakeResource_SpecArm
	result.ApiVersion = FakeResourceSpecApiVersion20200601
	result.Name = name
	properties, err := fakeResourceSpec.Properties.ConvertToArm(name)
	if err != nil {
		return nil, err
	}
	result.Properties = properties.(FakeResource_Spec_PropertiesArm)
	result.Type = FakeResourceSpecTypeMicrosoftAzureFakeResource
	return result, nil
}

// CreateEmptyArmValue returns an empty ARM value suitable for deserializing into
func (fakeResourceSpec *FakeResource_Spec) CreateEmptyArmValue() interface{} {
	return FakeResource_SpecArm{}
}

// PopulateFromArm populates a Kubernetes CRD object from an Azure ARM object
func (fakeResourceSpec *FakeResource_Spec) PopulateFromArm(owner genruntime.KnownResourceReference, armInput interface{}) error {
	typedInput, ok := armInput.(FakeResource_SpecArm)
	if !ok {
		return fmt.Errorf("unexpected type supplied for PopulateFromArm() function. Expected FakeResource_SpecArm, got %T", armInput)
	}
	fakeResourceSpec.SetAzureName(genruntime.ExtractKubernetesResourceNameFromArmName(typedInput.Name))
	fakeResourceSpec.Owner = owner
	var err error
	var properties FakeResource_Spec_Properties
	err = properties.PopulateFromArm(owner, typedInput.Properties)
	if err != nil {
		return err
	}
	fakeResourceSpec.Properties = properties
	return nil
}

// SetAzureName sets the Azure name of the resource
func (fakeResourceSpec *FakeResource_Spec) SetAzureName(azureName string) {
	fakeResourceSpec.AzureName = azureName
}

type FakeResource_Spec_PropertiesArm struct {
	ArrayAlias *FakeResource_Spec_Properties_ArrayAliasArm `json:"arrayAlias,omitempty"`
}

// +kubebuilder:validation:MinLength=1
type FakeResource_Spec_Properties_ArrayAlias_Validated_ConnectionString string

type FakeResource_Spec_Properties struct {
	ArrayAlias *FakeResource_Spec_Properties_ArrayAlias `json:"arrayAlias,omitempty"`
}

var _ genruntime.ArmTransformer = &FakeResource_Spec_Properties{}

// ConvertToArm converts from a Kubernetes CRD object to an ARM object
func (fakeResourceSpecProperties *FakeResource_Spec_Properties) ConvertToArm(name string) (interface{}, error) {
	if fakeResourceSpecProperties == nil {
		return nil, nil
	}
	var result FakeResource_Spec_PropertiesArm
	if fakeResourceSpecProperties.ArrayAlias != nil {
		arrayAlias, err := (*fakeResourceSpecProperties.ArrayAlias).ConvertToArm(name)
		if err != nil {
			return nil, err
		}
		arrayAliasTyped := arrayAlias.(FakeResource_Spec_Properties_ArrayAliasArm)
		result.ArrayAlias = &arrayAliasTyped
	}
	return result, nil
}

// CreateEmptyArmValue returns an empty ARM value suitable for deserializing into
func (fakeResourceSpecProperties *FakeResource_Spec_Properties) CreateEmptyArmValue() interface{} {
	return FakeResource_Spec_PropertiesArm{}
}

// PopulateFromArm populates a Kubernetes CRD object from an Azure ARM object
func (fakeResourceSpecProperties *FakeResource_Spec_Properties) PopulateFromArm(owner genruntime.KnownResourceReference, armInput interface{}) error {
	typedInput, ok := armInput.(FakeResource_Spec_PropertiesArm)
	if !ok {
		return fmt.Errorf("unexpected type supplied for PopulateFromArm() function. Expected FakeResource_Spec_PropertiesArm, got %T", armInput)
	}
	var err error
	if typedInput.ArrayAlias != nil {
		var arrayAlias FakeResource_Spec_Properties_ArrayAlias
		err = arrayAlias.PopulateFromArm(owner, *typedInput.ArrayAlias)
		if err != nil {
			return err
		}
		arrayAliasTyped := arrayAlias
		fakeResourceSpecProperties.ArrayAlias = &arrayAliasTyped
	}
	return nil
}

// +kubebuilder:validation:UniqueItems=true
type FakeResource_Spec_Properties_ArrayAlias []FakeResource_Spec_Properties_ArrayAlias_Validated

type FakeResource_Spec_Properties_ArrayAlias_Validated struct {
	//ConnectionString: Microsoft.Web/sites/config: connection string
	ConnectionString *FakeResource_Spec_Properties_ArrayAlias_Validated_ConnectionString `json:"connectionString,omitempty"`
}

var _ genruntime.ArmTransformer = &FakeResource_Spec_Properties_ArrayAlias_Validated{}

// ConvertToArm converts from a Kubernetes CRD object to an ARM object
func (fakeResourceSpecPropertiesArrayAliasValidated *FakeResource_Spec_Properties_ArrayAlias_Validated) ConvertToArm(name string) (interface{}, error) {
	if fakeResourceSpecPropertiesArrayAliasValidated == nil {
		return nil, nil
	}
	var result FakeResource_Spec_Properties_ArrayAlias_ValidatedArm
	if fakeResourceSpecPropertiesArrayAliasValidated.ConnectionString != nil {
		connectionStringTyped := *fakeResourceSpecPropertiesArrayAliasValidated.ConnectionString
		result.ConnectionString = &connectionStringTyped
	}
	return result, nil
}

// CreateEmptyArmValue returns an empty ARM value suitable for deserializing into
func (fakeResourceSpecPropertiesArrayAliasValidated *FakeResource_Spec_Properties_ArrayAlias_Validated) CreateEmptyArmValue() interface{} {
	return FakeResource_Spec_Properties_ArrayAlias_ValidatedArm{}
}

// PopulateFromArm populates a Kubernetes CRD object from an Azure ARM object
func (fakeResourceSpecPropertiesArrayAliasValidated *FakeResource_Spec_Properties_ArrayAlias_Validated) PopulateFromArm(owner genruntime.KnownResourceReference, armInput interface{}) error {
	typedInput, ok := armInput.(FakeResource_Spec_Properties_ArrayAlias_ValidatedArm)
	if !ok {
		return fmt.Errorf("unexpected type supplied for PopulateFromArm() function. Expected FakeResource_Spec_Properties_ArrayAlias_ValidatedArm, got %T", armInput)
	}
	if typedInput.ConnectionString != nil {
		connectionStringTyped := *typedInput.ConnectionString
		fakeResourceSpecPropertiesArrayAliasValidated.ConnectionString = &connectionStringTyped
	}
	return nil
}

func init() {
	SchemeBuilder.Register(&FakeResource{}, &FakeResourceList{})
}
